// Jest Snapshot v1, https://goo.gl/fbAQLP

exports[`button tests 是个div 1`] = `
<button>
  +2
</button>
`;
